Archive member included to satisfy reference by file (symbol)

..\IC_Library\dist\default\debug\IC_Library.a(IC_4021.o)
                              build/default/debug/main.o (_ZN7IC_4021C1EPVhS1_S1_hhh)
..\IC_Library\dist\default\debug\IC_Library.a(Led.o)
                              build/default/debug/main.o (_ZN3Led2onEv)
..\IC_Library\dist\default\debug\IC_Library.a(IC_4022.o)
                              build/default/debug/main.o (_ZN7IC_4022C1EPVhS1_hh)
..\IC_Library\dist\default\debug\IC_Library.a(IC_4056.o)
                              build/default/debug/main.o (_ZN7IC_4056C1EPVhS1_hhhh)
c:/program files (x86)/atmel/studio/7.0/toolchain/avr8/avr8-gnu-toolchain/bin/../lib/gcc/avr/5.4.0/avr35\libgcc.a(_exit.o)
                              C:/Users/PanTalir/.mchp_packs/Microchip/ATmega_DFP/3.2.269/gcc/dev/atmega16u2/avr35/crtatmega16u2.o (exit)
c:/program files (x86)/atmel/studio/7.0/toolchain/avr8/avr8-gnu-toolchain/bin/../lib/gcc/avr/5.4.0/avr35\libgcc.a(_tablejump2.o)
                              ..\IC_Library\dist\default\debug\IC_Library.a(IC_4056.o) (__tablejump2__)
c:/program files (x86)/atmel/studio/7.0/toolchain/avr8/avr8-gnu-toolchain/bin/../lib/gcc/avr/5.4.0/avr35\libgcc.a(_copy_data.o)
                              ..\IC_Library\dist\default\debug\IC_Library.a(Led.o) (__do_copy_data)

Discarded input sections

 .data          0x00000000        0x0 C:/Users/PanTalir/.mchp_packs/Microchip/ATmega_DFP/3.2.269/gcc/dev/atmega16u2/avr35/crtatmega16u2.o
 .bss           0x00000000        0x0 C:/Users/PanTalir/.mchp_packs/Microchip/ATmega_DFP/3.2.269/gcc/dev/atmega16u2/avr35/crtatmega16u2.o
 .text          0x00000000        0x0 build/default/debug/main.o
 .data          0x00000000        0x0 build/default/debug/main.o
 .bss           0x00000000        0x0 build/default/debug/main.o
 .text          0x00000000        0x0 ..\IC_Library\dist\default\debug\IC_Library.a(IC_4021.o)
 .data          0x00000000        0x0 ..\IC_Library\dist\default\debug\IC_Library.a(IC_4021.o)
 .bss           0x00000000        0x0 ..\IC_Library\dist\default\debug\IC_Library.a(IC_4021.o)
 .text._ZN7IC_4021C2ERKS_
                0x00000000        0x2 ..\IC_Library\dist\default\debug\IC_Library.a(IC_4021.o)
 .text._ZN7IC_4021D2Ev
                0x00000000        0x2 ..\IC_Library\dist\default\debug\IC_Library.a(IC_4021.o)
 .group         0x00000000        0x8 ..\IC_Library\dist\default\debug\IC_Library.a(Led.o)
 .text          0x00000000        0x0 ..\IC_Library\dist\default\debug\IC_Library.a(Led.o)
 .data          0x00000000        0x0 ..\IC_Library\dist\default\debug\IC_Library.a(Led.o)
 .bss           0x00000000        0x0 ..\IC_Library\dist\default\debug\IC_Library.a(Led.o)
 .text._ZN3LedD2Ev
                0x00000000        0x2 ..\IC_Library\dist\default\debug\IC_Library.a(Led.o)
 .text._ZN3Led8getStateEv
                0x00000000        0x6 ..\IC_Library\dist\default\debug\IC_Library.a(Led.o)
 .text          0x00000000        0x0 ..\IC_Library\dist\default\debug\IC_Library.a(IC_4022.o)
 .data          0x00000000        0x0 ..\IC_Library\dist\default\debug\IC_Library.a(IC_4022.o)
 .bss           0x00000000        0x0 ..\IC_Library\dist\default\debug\IC_Library.a(IC_4022.o)
 .text._ZN7IC_4022D2Ev
                0x00000000        0x2 ..\IC_Library\dist\default\debug\IC_Library.a(IC_4022.o)
 .text          0x00000000        0x0 ..\IC_Library\dist\default\debug\IC_Library.a(IC_4056.o)
 .data          0x00000000        0x0 ..\IC_Library\dist\default\debug\IC_Library.a(IC_4056.o)
 .bss           0x00000000        0x0 ..\IC_Library\dist\default\debug\IC_Library.a(IC_4056.o)
 .text._ZN7IC_4056D2Ev
                0x00000000        0x2 ..\IC_Library\dist\default\debug\IC_Library.a(IC_4056.o)
 .text          0x00000000        0x0 c:/program files (x86)/atmel/studio/7.0/toolchain/avr8/avr8-gnu-toolchain/bin/../lib/gcc/avr/5.4.0/avr35\libgcc.a(_exit.o)
 .data          0x00000000        0x0 c:/program files (x86)/atmel/studio/7.0/toolchain/avr8/avr8-gnu-toolchain/bin/../lib/gcc/avr/5.4.0/avr35\libgcc.a(_exit.o)
 .bss           0x00000000        0x0 c:/program files (x86)/atmel/studio/7.0/toolchain/avr8/avr8-gnu-toolchain/bin/../lib/gcc/avr/5.4.0/avr35\libgcc.a(_exit.o)
 .text.libgcc.mul
                0x00000000        0x0 c:/program files (x86)/atmel/studio/7.0/toolchain/avr8/avr8-gnu-toolchain/bin/../lib/gcc/avr/5.4.0/avr35\libgcc.a(_exit.o)
 .text.libgcc.div
                0x00000000        0x0 c:/program files (x86)/atmel/studio/7.0/toolchain/avr8/avr8-gnu-toolchain/bin/../lib/gcc/avr/5.4.0/avr35\libgcc.a(_exit.o)
 .text.libgcc   0x00000000        0x0 c:/program files (x86)/atmel/studio/7.0/toolchain/avr8/avr8-gnu-toolchain/bin/../lib/gcc/avr/5.4.0/avr35\libgcc.a(_exit.o)
 .text.libgcc.prologue
                0x00000000        0x0 c:/program files (x86)/atmel/studio/7.0/toolchain/avr8/avr8-gnu-toolchain/bin/../lib/gcc/avr/5.4.0/avr35\libgcc.a(_exit.o)
 .text.libgcc.builtins
                0x00000000        0x0 c:/program files (x86)/atmel/studio/7.0/toolchain/avr8/avr8-gnu-toolchain/bin/../lib/gcc/avr/5.4.0/avr35\libgcc.a(_exit.o)
 .text.libgcc.fmul
                0x00000000        0x0 c:/program files (x86)/atmel/studio/7.0/toolchain/avr8/avr8-gnu-toolchain/bin/../lib/gcc/avr/5.4.0/avr35\libgcc.a(_exit.o)
 .text.libgcc.fixed
                0x00000000        0x0 c:/program files (x86)/atmel/studio/7.0/toolchain/avr8/avr8-gnu-toolchain/bin/../lib/gcc/avr/5.4.0/avr35\libgcc.a(_exit.o)
 .text          0x00000000        0x0 c:/program files (x86)/atmel/studio/7.0/toolchain/avr8/avr8-gnu-toolchain/bin/../lib/gcc/avr/5.4.0/avr35\libgcc.a(_tablejump2.o)
 .data          0x00000000        0x0 c:/program files (x86)/atmel/studio/7.0/toolchain/avr8/avr8-gnu-toolchain/bin/../lib/gcc/avr/5.4.0/avr35\libgcc.a(_tablejump2.o)
 .bss           0x00000000        0x0 c:/program files (x86)/atmel/studio/7.0/toolchain/avr8/avr8-gnu-toolchain/bin/../lib/gcc/avr/5.4.0/avr35\libgcc.a(_tablejump2.o)
 .text.libgcc.mul
                0x00000000        0x0 c:/program files (x86)/atmel/studio/7.0/toolchain/avr8/avr8-gnu-toolchain/bin/../lib/gcc/avr/5.4.0/avr35\libgcc.a(_tablejump2.o)
 .text.libgcc.div
                0x00000000        0x0 c:/program files (x86)/atmel/studio/7.0/toolchain/avr8/avr8-gnu-toolchain/bin/../lib/gcc/avr/5.4.0/avr35\libgcc.a(_tablejump2.o)
 .text.libgcc.prologue
                0x00000000        0x0 c:/program files (x86)/atmel/studio/7.0/toolchain/avr8/avr8-gnu-toolchain/bin/../lib/gcc/avr/5.4.0/avr35\libgcc.a(_tablejump2.o)
 .text.libgcc.builtins
                0x00000000        0x0 c:/program files (x86)/atmel/studio/7.0/toolchain/avr8/avr8-gnu-toolchain/bin/../lib/gcc/avr/5.4.0/avr35\libgcc.a(_tablejump2.o)
 .text.libgcc.fmul
                0x00000000        0x0 c:/program files (x86)/atmel/studio/7.0/toolchain/avr8/avr8-gnu-toolchain/bin/../lib/gcc/avr/5.4.0/avr35\libgcc.a(_tablejump2.o)
 .text.libgcc.fixed
                0x00000000        0x0 c:/program files (x86)/atmel/studio/7.0/toolchain/avr8/avr8-gnu-toolchain/bin/../lib/gcc/avr/5.4.0/avr35\libgcc.a(_tablejump2.o)
 .text          0x00000000        0x0 c:/program files (x86)/atmel/studio/7.0/toolchain/avr8/avr8-gnu-toolchain/bin/../lib/gcc/avr/5.4.0/avr35\libgcc.a(_copy_data.o)
 .data          0x00000000        0x0 c:/program files (x86)/atmel/studio/7.0/toolchain/avr8/avr8-gnu-toolchain/bin/../lib/gcc/avr/5.4.0/avr35\libgcc.a(_copy_data.o)
 .bss           0x00000000        0x0 c:/program files (x86)/atmel/studio/7.0/toolchain/avr8/avr8-gnu-toolchain/bin/../lib/gcc/avr/5.4.0/avr35\libgcc.a(_copy_data.o)
 .text.libgcc.mul
                0x00000000        0x0 c:/program files (x86)/atmel/studio/7.0/toolchain/avr8/avr8-gnu-toolchain/bin/../lib/gcc/avr/5.4.0/avr35\libgcc.a(_copy_data.o)
 .text.libgcc.div
                0x00000000        0x0 c:/program files (x86)/atmel/studio/7.0/toolchain/avr8/avr8-gnu-toolchain/bin/../lib/gcc/avr/5.4.0/avr35\libgcc.a(_copy_data.o)
 .text.libgcc   0x00000000        0x0 c:/program files (x86)/atmel/studio/7.0/toolchain/avr8/avr8-gnu-toolchain/bin/../lib/gcc/avr/5.4.0/avr35\libgcc.a(_copy_data.o)
 .text.libgcc.prologue
                0x00000000        0x0 c:/program files (x86)/atmel/studio/7.0/toolchain/avr8/avr8-gnu-toolchain/bin/../lib/gcc/avr/5.4.0/avr35\libgcc.a(_copy_data.o)
 .text.libgcc.builtins
                0x00000000        0x0 c:/program files (x86)/atmel/studio/7.0/toolchain/avr8/avr8-gnu-toolchain/bin/../lib/gcc/avr/5.4.0/avr35\libgcc.a(_copy_data.o)
 .text.libgcc.fmul
                0x00000000        0x0 c:/program files (x86)/atmel/studio/7.0/toolchain/avr8/avr8-gnu-toolchain/bin/../lib/gcc/avr/5.4.0/avr35\libgcc.a(_copy_data.o)
 .text.libgcc.fixed
                0x00000000        0x0 c:/program files (x86)/atmel/studio/7.0/toolchain/avr8/avr8-gnu-toolchain/bin/../lib/gcc/avr/5.4.0/avr35\libgcc.a(_copy_data.o)

Memory Configuration

Name             Origin             Length             Attributes
text             0x00000000         0x00004000         xr
data             0x00800100         0x00000200         rw !x
eeprom           0x00810000         0x00000200         rw !x
fuse             0x00820000         0x00000003         rw !x
lock             0x00830000         0x00000400         rw !x
signature        0x00840000         0x00000400         rw !x
user_signatures  0x00850000         0x00000400         rw !x
*default*        0x00000000         0xffffffff

Linker script and memory map

Address of section .data set to 0x800100
LOAD C:/Users/PanTalir/.mchp_packs/Microchip/ATmega_DFP/3.2.269/gcc/dev/atmega16u2/avr35/crtatmega16u2.o
LOAD build/default/debug/main.o
LOAD ..\IC_Library\dist\default\debug\IC_Library.a
                0x00000001                __MPLAB_BUILD = 0x1
                0x00000001                __ICD2RAM = 0x1
                0x00000001                __MPLAB_DEBUG = 0x1
                0x00000001                __DEBUG = 0x1
START GROUP
LOAD c:/program files (x86)/atmel/studio/7.0/toolchain/avr8/avr8-gnu-toolchain/bin/../lib/gcc/avr/5.4.0/../../../../avr/lib/avr35\libm.a
END GROUP
LOAD c:/program files (x86)/atmel/studio/7.0/toolchain/avr8/avr8-gnu-toolchain/bin/../lib/gcc/avr/5.4.0/avr35\libgcc.a
LOAD c:/program files (x86)/atmel/studio/7.0/toolchain/avr8/avr8-gnu-toolchain/bin/../lib/gcc/avr/5.4.0/../../../../avr/lib/avr35\libm.a
START GROUP
LOAD c:/program files (x86)/atmel/studio/7.0/toolchain/avr8/avr8-gnu-toolchain/bin/../lib/gcc/avr/5.4.0/avr35\libgcc.a
LOAD c:/program files (x86)/atmel/studio/7.0/toolchain/avr8/avr8-gnu-toolchain/bin/../lib/gcc/avr/5.4.0/../../../../avr/lib/avr35\libm.a
LOAD c:/program files (x86)/atmel/studio/7.0/toolchain/avr8/avr8-gnu-toolchain/bin/../lib/gcc/avr/5.4.0/../../../../avr/lib/avr35\libc.a
LOAD C:/Users/PanTalir/.mchp_packs/Microchip/ATmega_DFP/3.2.269/gcc/dev/atmega16u2/avr35\libatmega16u2.a
END GROUP
                0x00000000                __TEXT_REGION_ORIGIN__ = DEFINED (__TEXT_REGION_ORIGIN__)?__TEXT_REGION_ORIGIN__:0x0
                [0x00800100]                __DATA_REGION_ORIGIN__ = DEFINED (__DATA_REGION_ORIGIN__)?__DATA_REGION_ORIGIN__:0x800060
                [0x00004000]                __TEXT_REGION_LENGTH__ = DEFINED (__TEXT_REGION_LENGTH__)?__TEXT_REGION_LENGTH__:0x10000
                [0x00000200]                __DATA_REGION_LENGTH__ = DEFINED (__DATA_REGION_LENGTH__)?__DATA_REGION_LENGTH__:0xffa0
                [0x00000200]                __EEPROM_REGION_LENGTH__ = DEFINED (__EEPROM_REGION_LENGTH__)?__EEPROM_REGION_LENGTH__:0x10000
                [0x00000003]                __FUSE_REGION_LENGTH__ = DEFINED (__FUSE_REGION_LENGTH__)?__FUSE_REGION_LENGTH__:0x400
                0x00000400                __LOCK_REGION_LENGTH__ = DEFINED (__LOCK_REGION_LENGTH__)?__LOCK_REGION_LENGTH__:0x400
                0x00000400                __SIGNATURE_REGION_LENGTH__ = DEFINED (__SIGNATURE_REGION_LENGTH__)?__SIGNATURE_REGION_LENGTH__:0x400
                0x00000400                __USER_SIGNATURE_REGION_LENGTH__ = DEFINED (__USER_SIGNATURE_REGION_LENGTH__)?__USER_SIGNATURE_REGION_LENGTH__:0x400

.hash
 *(.hash)

.dynsym
 *(.dynsym)

.dynstr
 *(.dynstr)

.gnu.version
 *(.gnu.version)

.gnu.version_d
 *(.gnu.version_d)

.gnu.version_r
 *(.gnu.version_r)

.rel.init
 *(.rel.init)

.rela.init
 *(.rela.init)

.rel.text
 *(.rel.text)
 *(.rel.text.*)
 *(.rel.gnu.linkonce.t*)

.rela.text
 *(.rela.text)
 *(.rela.text.*)
 *(.rela.gnu.linkonce.t*)

.rel.fini
 *(.rel.fini)

.rela.fini
 *(.rela.fini)

.rel.rodata
 *(.rel.rodata)
 *(.rel.rodata.*)
 *(.rel.gnu.linkonce.r*)

.rela.rodata
 *(.rela.rodata)
 *(.rela.rodata.*)
 *(.rela.gnu.linkonce.r*)

.rel.data
 *(.rel.data)
 *(.rel.data.*)
 *(.rel.gnu.linkonce.d*)

.rela.data
 *(.rela.data)
 *(.rela.data.*)
 *(.rela.gnu.linkonce.d*)

.rel.ctors
 *(.rel.ctors)

.rela.ctors
 *(.rela.ctors)

.rel.dtors
 *(.rel.dtors)

.rela.dtors
 *(.rela.dtors)

.rel.got
 *(.rel.got)

.rela.got
 *(.rela.got)

.rel.bss
 *(.rel.bss)

.rela.bss
 *(.rela.bss)

.rel.plt
 *(.rel.plt)

.rela.plt
 *(.rela.plt)

.text           0x00000000      0xc08
 *(.vectors)
 .vectors       0x00000000       0x74 C:/Users/PanTalir/.mchp_packs/Microchip/ATmega_DFP/3.2.269/gcc/dev/atmega16u2/avr35/crtatmega16u2.o
                0x00000000                __vector_default
                0x00000000                __vectors
 *(.vectors)
 *(.progmem.gcc*)
 .progmem.gcc_sw_table._ZN7IC_40567DisplayEh
                0x00000074       0x20 ..\IC_Library\dist\default\debug\IC_Library.a(IC_4056.o)
                0x00000094                . = ALIGN (0x2)
                0x00000094                __trampolines_start = .
 *(.trampolines)
 .trampolines   0x00000094        0x0 linker stubs
 *(.trampolines*)
                0x00000094                __trampolines_end = .
 *libprintf_flt.a:*(.progmem.data)
 *libc.a:*(.progmem.data)
 *(.progmem*)
                0x00000094                . = ALIGN (0x2)
 *(.jumptables)
 *(.jumptables*)
 *(.lowtext)
 *(.lowtext*)
                0x00000094                __ctors_start = .
 *(.ctors)
                0x00000094                __ctors_end = .
                0x00000094                __dtors_start = .
 *(.dtors)
                0x00000094                __dtors_end = .
 SORT(*)(.ctors)
 SORT(*)(.dtors)
 *(.init0)
 .init0         0x00000094        0x0 C:/Users/PanTalir/.mchp_packs/Microchip/ATmega_DFP/3.2.269/gcc/dev/atmega16u2/avr35/crtatmega16u2.o
                0x00000094                __init
 *(.init0)
 *(.init1)
 *(.init1)
 *(.init2)
 .init2         0x00000094        0xc C:/Users/PanTalir/.mchp_packs/Microchip/ATmega_DFP/3.2.269/gcc/dev/atmega16u2/avr35/crtatmega16u2.o
 *(.init2)
 *(.init3)
 *(.init3)
 *(.init4)
 .init4         0x000000a0       0x16 c:/program files (x86)/atmel/studio/7.0/toolchain/avr8/avr8-gnu-toolchain/bin/../lib/gcc/avr/5.4.0/avr35\libgcc.a(_copy_data.o)
                0x000000a0                __do_copy_data
 *(.init4)
 *(.init5)
 *(.init5)
 *(.init6)
 *(.init6)
 *(.init7)
 *(.init7)
 *(.init8)
 *(.init8)
 *(.init9)
 .init9         0x000000b6        0x8 C:/Users/PanTalir/.mchp_packs/Microchip/ATmega_DFP/3.2.269/gcc/dev/atmega16u2/avr35/crtatmega16u2.o
 *(.init9)
 *(.text)
 .text          0x000000be        0x4 C:/Users/PanTalir/.mchp_packs/Microchip/ATmega_DFP/3.2.269/gcc/dev/atmega16u2/avr35/crtatmega16u2.o
                0x000000be                __vector_22
                0x000000be                __vector_28
                0x000000be                __vector_1
                0x000000be                __vector_24
                0x000000be                __vector_12
                0x000000be                __bad_interrupt
                0x000000be                __vector_6
                0x000000be                __vector_3
                0x000000be                __vector_23
                0x000000be                __vector_25
                0x000000be                __vector_11
                0x000000be                __vector_13
                0x000000be                __vector_17
                0x000000be                __vector_19
                0x000000be                __vector_7
                0x000000be                __vector_27
                0x000000be                __vector_5
                0x000000be                __vector_4
                0x000000be                __vector_9
                0x000000be                __vector_2
                0x000000be                __vector_21
                0x000000be                __vector_15
                0x000000be                __vector_8
                0x000000be                __vector_26
                0x000000be                __vector_14
                0x000000be                __vector_10
                0x000000be                __vector_16
                0x000000be                __vector_18
                0x000000be                __vector_20
                0x000000c2                . = ALIGN (0x2)
 *(.text.*)
 .text.main     0x000000c2      0x240 build/default/debug/main.o
                0x000000c2                main
 .text._ZN7IC_4021C2EPVhS1_S1_hhh
                0x00000302       0x5a ..\IC_Library\dist\default\debug\IC_Library.a(IC_4021.o)
                0x00000302                _ZN7IC_4021C2EPVhS1_S1_hhh
                0x00000302                _ZN7IC_4021C1EPVhS1_S1_hhh
 .text._ZN7IC_40215ResetEv
                0x0000035c       0x2a ..\IC_Library\dist\default\debug\IC_Library.a(IC_4021.o)
                0x0000035c                _ZN7IC_40215ResetEv
 .text._ZN7IC_40214InitEv
                0x00000386       0x46 ..\IC_Library\dist\default\debug\IC_Library.a(IC_4021.o)
                0x00000386                _ZN7IC_40214InitEv
 .text._ZN7IC_40214ReadEv
                0x000003cc       0x5e ..\IC_Library\dist\default\debug\IC_Library.a(IC_4021.o)
                0x000003cc                _ZN7IC_40214ReadEv
 .text._ZN3Led2onEv
                0x0000042a       0x1a ..\IC_Library\dist\default\debug\IC_Library.a(Led.o)
                0x0000042a                _ZN3Led2onEv
 .text._ZN3Led3offEv
                0x00000444       0x18 ..\IC_Library\dist\default\debug\IC_Library.a(Led.o)
                0x00000444                _ZN3Led3offEv
 .text._ZN3Led6toggleEv
                0x0000045c       0x2a ..\IC_Library\dist\default\debug\IC_Library.a(Led.o)
                0x0000045c                _ZN3Led6toggleEv
 .text._ZN3LedC2EPVhS1_h
                0x00000486       0x4a ..\IC_Library\dist\default\debug\IC_Library.a(Led.o)
                0x00000486                _ZN3LedC1EPVhS1_h
                0x00000486                _ZN3LedC2EPVhS1_h
 .text._ZN7IC_4022C2EPVhS1_hh
                0x000004d0       0x3a ..\IC_Library\dist\default\debug\IC_Library.a(IC_4022.o)
                0x000004d0                _ZN7IC_4022C2EPVhS1_hh
                0x000004d0                _ZN7IC_4022C1EPVhS1_hh
 .text._ZN7IC_40225ResetEv
                0x0000050a       0x22 ..\IC_Library\dist\default\debug\IC_Library.a(IC_4022.o)
                0x0000050a                _ZN7IC_40225ResetEv
 .text._ZN7IC_40224InitEv
                0x0000052c       0x3a ..\IC_Library\dist\default\debug\IC_Library.a(IC_4022.o)
                0x0000052c                _ZN7IC_40224InitEv
 .text._ZN7IC_40229IncrementEv
                0x00000566       0x2e ..\IC_Library\dist\default\debug\IC_Library.a(IC_4022.o)
                0x00000566                _ZN7IC_40229IncrementEv
 .text._ZN7IC_40228getStateEv
                0x00000594        0x6 ..\IC_Library\dist\default\debug\IC_Library.a(IC_4022.o)
                0x00000594                _ZN7IC_40228getStateEv
 .text._ZN7IC_4056C2EPVhS1_hhhh
                0x0000059a       0x92 ..\IC_Library\dist\default\debug\IC_Library.a(IC_4056.o)
                0x0000059a                _ZN7IC_4056C2EPVhS1_hhhh
                0x0000059a                _ZN7IC_4056C1EPVhS1_hhhh
 .text._ZN7IC_40567DisplayEh
                0x0000062c      0x590 ..\IC_Library\dist\default\debug\IC_Library.a(IC_4056.o)
                0x0000062c                _ZN7IC_40567DisplayEh
 .text._ZN7IC_40564InitEv
                0x00000bbc       0x3c ..\IC_Library\dist\default\debug\IC_Library.a(IC_4056.o)
                0x00000bbc                _ZN7IC_40564InitEv
 .text.libgcc   0x00000bf8        0xc c:/program files (x86)/atmel/studio/7.0/toolchain/avr8/avr8-gnu-toolchain/bin/../lib/gcc/avr/5.4.0/avr35\libgcc.a(_tablejump2.o)
                0x00000bf8                __tablejump2__
                0x00000c04                . = ALIGN (0x2)
 *(.fini9)
 .fini9         0x00000c04        0x0 c:/program files (x86)/atmel/studio/7.0/toolchain/avr8/avr8-gnu-toolchain/bin/../lib/gcc/avr/5.4.0/avr35\libgcc.a(_exit.o)
                0x00000c04                _exit
                0x00000c04                exit
 *(.fini9)
 *(.fini8)
 *(.fini8)
 *(.fini7)
 *(.fini7)
 *(.fini6)
 *(.fini6)
 *(.fini5)
 *(.fini5)
 *(.fini4)
 *(.fini4)
 *(.fini3)
 *(.fini3)
 *(.fini2)
 *(.fini2)
 *(.fini1)
 *(.fini1)
 *(.fini0)
 .fini0         0x00000c04        0x4 c:/program files (x86)/atmel/studio/7.0/toolchain/avr8/avr8-gnu-toolchain/bin/../lib/gcc/avr/5.4.0/avr35\libgcc.a(_exit.o)
 *(.fini0)
                0x00000c08                _etext = .

.data           0x00800100        0xa load address 0x00000c08
                0x00800100                PROVIDE (__data_start, .)
 *(.data)
 *(.data*)
 *(.gnu.linkonce.d*)
 *(.rodata)
 *(.rodata*)
 .rodata._ZTV3Led
                0x00800100        0xa ..\IC_Library\dist\default\debug\IC_Library.a(Led.o)
                0x00800100                _ZTV3Led
 *(.gnu.linkonce.r*)
                0x0080010a                . = ALIGN (0x2)
                0x0080010a                _edata = .
                0x0080010a                PROVIDE (__data_end, .)

.bss            0x0080010a        0x0
                [!provide]                PROVIDE (__bss_start, .)
 *(.bss)
 *(.bss*)
 *(COMMON)
                [!provide]                PROVIDE (__bss_end, .)
                0x00000c08                __data_load_start = LOADADDR (.data)
                0x00000c12                __data_load_end = (__data_load_start + SIZEOF (.data))

.noinit         0x0080010a        0x0
                [!provide]                PROVIDE (__noinit_start, .)
 *(.noinit*)
                [!provide]                PROVIDE (__noinit_end, .)
                0x0080010a                _end = .
                [!provide]                PROVIDE (__heap_start, .)

.eeprom         0x00810000        0x0
 *(.eeprom*)
                0x00810000                __eeprom_end = .

.fuse           0x00820000        0x3
 *(.fuse)
 .fuse          0x00820000        0x3 build/default/debug/main.o
                0x00820000                __fuse
 *(.lfuse)
 *(.hfuse)
 *(.efuse)

.lock           0x00830000        0x1
 *(.lock*)
 .lock          0x00830000        0x1 build/default/debug/main.o
                0x00830000                __lock

.signature
 *(.signature*)

.user_signatures
 *(.user_signatures*)

.stab
 *(.stab)

.stabstr
 *(.stabstr)

.stab.excl
 *(.stab.excl)

.stab.exclstr
 *(.stab.exclstr)

.stab.index
 *(.stab.index)

.stab.indexstr
 *(.stab.indexstr)

.comment        0x00000000       0x30
 *(.comment)
 .comment       0x00000000       0x30 build/default/debug/main.o
                                 0x31 (size before relaxing)
 .comment       0x00000030       0x31 ..\IC_Library\dist\default\debug\IC_Library.a(IC_4021.o)
 .comment       0x00000030       0x31 ..\IC_Library\dist\default\debug\IC_Library.a(Led.o)
 .comment       0x00000030       0x31 ..\IC_Library\dist\default\debug\IC_Library.a(IC_4022.o)
 .comment       0x00000030       0x31 ..\IC_Library\dist\default\debug\IC_Library.a(IC_4056.o)

.note.gnu.avr.deviceinfo
                0x00000000       0x40
 .note.gnu.avr.deviceinfo
                0x00000000       0x40 C:/Users/PanTalir/.mchp_packs/Microchip/ATmega_DFP/3.2.269/gcc/dev/atmega16u2/avr35/crtatmega16u2.o

.note.gnu.build-id
 *(.note.gnu.build-id)

.debug
 *(.debug)

.line
 *(.line)

.debug_srcinfo
 *(.debug_srcinfo)

.debug_sfnames
 *(.debug_sfnames)

.debug_aranges  0x00000000      0x130
 *(.debug_aranges)
 .debug_aranges
                0x00000000       0x20 build/default/debug/main.o
 .debug_aranges
                0x00000020       0x48 ..\IC_Library\dist\default\debug\IC_Library.a(IC_4021.o)
 .debug_aranges
                0x00000068       0x48 ..\IC_Library\dist\default\debug\IC_Library.a(Led.o)
 .debug_aranges
                0x000000b0       0x48 ..\IC_Library\dist\default\debug\IC_Library.a(IC_4022.o)
 .debug_aranges
                0x000000f8       0x38 ..\IC_Library\dist\default\debug\IC_Library.a(IC_4056.o)

.debug_pubnames
 *(.debug_pubnames)

.debug_info     0x00000000     0x2549
 *(.debug_info .gnu.linkonce.wi.*)
 .debug_info    0x00000000      0x6ba C:/Users/PanTalir/.mchp_packs/Microchip/ATmega_DFP/3.2.269/gcc/dev/atmega16u2/avr35/crtatmega16u2.o
 .debug_info    0x000006ba      0xb61 build/default/debug/main.o
 .debug_info    0x0000121b      0x5b7 ..\IC_Library\dist\default\debug\IC_Library.a(IC_4021.o)
 .debug_info    0x000017d2      0x55e ..\IC_Library\dist\default\debug\IC_Library.a(Led.o)
 .debug_info    0x00001d30      0x4a4 ..\IC_Library\dist\default\debug\IC_Library.a(IC_4022.o)
 .debug_info    0x000021d4      0x375 ..\IC_Library\dist\default\debug\IC_Library.a(IC_4056.o)

.debug_abbrev   0x00000000     0x1077
 *(.debug_abbrev)
 .debug_abbrev  0x00000000      0x65d C:/Users/PanTalir/.mchp_packs/Microchip/ATmega_DFP/3.2.269/gcc/dev/atmega16u2/avr35/crtatmega16u2.o
 .debug_abbrev  0x0000065d      0x250 build/default/debug/main.o
 .debug_abbrev  0x000008ad      0x210 ..\IC_Library\dist\default\debug\IC_Library.a(IC_4021.o)
 .debug_abbrev  0x00000abd      0x24c ..\IC_Library\dist\default\debug\IC_Library.a(Led.o)
 .debug_abbrev  0x00000d09      0x1e9 ..\IC_Library\dist\default\debug\IC_Library.a(IC_4022.o)
 .debug_abbrev  0x00000ef2      0x185 ..\IC_Library\dist\default\debug\IC_Library.a(IC_4056.o)

.debug_line     0x00000000      0xda4
 *(.debug_line .debug_line.* .debug_line_end)
 .debug_line    0x00000000      0x145 C:/Users/PanTalir/.mchp_packs/Microchip/ATmega_DFP/3.2.269/gcc/dev/atmega16u2/avr35/crtatmega16u2.o
 .debug_line    0x00000145      0x30c build/default/debug/main.o
 .debug_line    0x00000451      0x286 ..\IC_Library\dist\default\debug\IC_Library.a(IC_4021.o)
 .debug_line    0x000006d7      0x16c ..\IC_Library\dist\default\debug\IC_Library.a(Led.o)
 .debug_line    0x00000843      0x219 ..\IC_Library\dist\default\debug\IC_Library.a(IC_4022.o)
 .debug_line    0x00000a5c      0x348 ..\IC_Library\dist\default\debug\IC_Library.a(IC_4056.o)

.debug_frame    0x00000000      0x21c
 *(.debug_frame)
 .debug_frame   0x00000000       0x34 build/default/debug/main.o
 .debug_frame   0x00000034       0x84 ..\IC_Library\dist\default\debug\IC_Library.a(IC_4021.o)
 .debug_frame   0x000000b8       0x74 ..\IC_Library\dist\default\debug\IC_Library.a(Led.o)
 .debug_frame   0x0000012c       0x7c ..\IC_Library\dist\default\debug\IC_Library.a(IC_4022.o)
 .debug_frame   0x000001a8       0x74 ..\IC_Library\dist\default\debug\IC_Library.a(IC_4056.o)

.debug_str      0x00000000      0x93c
 *(.debug_str)
 .debug_str     0x00000000      0x262 C:/Users/PanTalir/.mchp_packs/Microchip/ATmega_DFP/3.2.269/gcc/dev/atmega16u2/avr35/crtatmega16u2.o
 .debug_str     0x00000262      0x437 build/default/debug/main.o
                                0x4e3 (size before relaxing)
 .debug_str     0x00000699       0xd3 ..\IC_Library\dist\default\debug\IC_Library.a(IC_4021.o)
                                0x33b (size before relaxing)
 .debug_str     0x0000076c      0x12a ..\IC_Library\dist\default\debug\IC_Library.a(Led.o)
                                0x311 (size before relaxing)
 .debug_str     0x00000896       0x47 ..\IC_Library\dist\default\debug\IC_Library.a(IC_4022.o)
                                0x323 (size before relaxing)
 .debug_str     0x000008dd       0x5f ..\IC_Library\dist\default\debug\IC_Library.a(IC_4056.o)
                                0x2ea (size before relaxing)

.debug_loc      0x00000000      0xd0e
 *(.debug_loc)
 .debug_loc     0x00000000      0x386 build/default/debug/main.o
 .debug_loc     0x00000386      0x2ee ..\IC_Library\dist\default\debug\IC_Library.a(IC_4021.o)
 .debug_loc     0x00000674       0xf2 ..\IC_Library\dist\default\debug\IC_Library.a(Led.o)
 .debug_loc     0x00000766      0x1ed ..\IC_Library\dist\default\debug\IC_Library.a(IC_4022.o)
 .debug_loc     0x00000953      0x3bb ..\IC_Library\dist\default\debug\IC_Library.a(IC_4056.o)

.debug_macinfo
 *(.debug_macinfo)

.debug_weaknames
 *(.debug_weaknames)

.debug_funcnames
 *(.debug_funcnames)

.debug_typenames
 *(.debug_typenames)

.debug_varnames
 *(.debug_varnames)

.debug_pubtypes
 *(.debug_pubtypes)

.debug_ranges   0x00000000      0x110
 *(.debug_ranges)
 .debug_ranges  0x00000000       0x40 build/default/debug/main.o
 .debug_ranges  0x00000040       0x38 ..\IC_Library\dist\default\debug\IC_Library.a(IC_4021.o)
 .debug_ranges  0x00000078       0x38 ..\IC_Library\dist\default\debug\IC_Library.a(Led.o)
 .debug_ranges  0x000000b0       0x38 ..\IC_Library\dist\default\debug\IC_Library.a(IC_4022.o)
 .debug_ranges  0x000000e8       0x28 ..\IC_Library\dist\default\debug\IC_Library.a(IC_4056.o)

.debug_macro
 *(.debug_macro)
OUTPUT(dist/default/debug/Keyboard_V4.debug.elf elf32-avr)
LOAD linker stubs
